2026-05-18 16:47:36,221 - src.preprocessor - INFO - Downloading NLTK resource: 'punkt_tab'...
2026-05-18 16:47:46,715 - src.preprocessor - INFO - Downloading NLTK resource: 'stopwords'...
2026-05-18 16:47:47,204 - src.preprocessor - INFO - Downloading NLTK resource: 'wordnet'...
2026-05-18 16:47:59,046 - src.preprocessor - INFO - Downloading NLTK resource: 'omw-1.4'...
2026-05-18 16:48:26,149 - __main__ - INFO - Initializing FAQ Matching Engine (first load)...
2026-05-18 16:48:26,155 - src.data_loader - INFO - Loading FAQ data from: C:\Users\sushm\OneDrive\Desktop\internship\faq_chatbot\data\faq_dataset.csv
2026-05-18 16:48:26,176 - src.data_loader - ERROR - Failed to read data file: Error tokenizing data. C error: Expected 2 fields in line 4, saw 6

2026-05-18 16:50:00,168 - __main__ - INFO - Initializing FAQ Matching Engine (first load)...
2026-05-18 16:50:00,169 - src.data_loader - INFO - Loading FAQ data from: C:\Users\sushm\OneDrive\Desktop\internship\faq_chatbot\data\faq_dataset.csv
2026-05-18 16:50:00,220 - src.data_loader - INFO - Successfully loaded 20 FAQ entries.
2026-05-18 16:50:00,251 - src.preprocessor - INFO - TextPreprocessor initialized.
2026-05-18 16:50:00,252 - src.matching_engine - INFO - Fitting TF-IDF vectorizer on FAQ dataset...
2026-05-18 16:52:35,373 - src.preprocessor - INFO - Downloading NLTK resource: 'wordnet'...
2026-05-18 16:52:35,992 - src.preprocessor - INFO - Downloading NLTK resource: 'omw-1.4'...
2026-05-18 16:52:36,232 - __main__ - INFO - Initializing FAQ Matching Engine (first load)...
2026-05-18 16:52:36,234 - src.data_loader - INFO - Loading FAQ data from: C:\Users\sushm\OneDrive\Desktop\internship\faq_chatbot\data\faq_dataset.csv
2026-05-18 16:52:36,240 - src.data_loader - INFO - Successfully loaded 20 FAQ entries.
2026-05-18 16:52:36,242 - src.preprocessor - INFO - TextPreprocessor initialized.
2026-05-18 16:52:36,243 - src.matching_engine - INFO - Fitting TF-IDF vectorizer on FAQ dataset...
2026-05-18 16:52:37,820 - src.matching_engine - INFO - Engine fitted successfully on 20 FAQ entries.
2026-05-19 12:16:21,911 - src.preprocessor - INFO - Downloading NLTK resource: 'wordnet'...
2026-05-19 12:16:22,676 - src.preprocessor - INFO - Downloading NLTK resource: 'omw-1.4'...
2026-05-19 12:16:22,831 - __main__ - INFO - Initializing FAQ Matching Engine (first load)...
2026-05-19 12:16:22,832 - src.data_loader - INFO - Loading FAQ data from: C:\Users\sushm\OneDrive\Desktop\internship\faq_chatbot\data\faq_dataset.csv
2026-05-19 12:16:22,836 - src.data_loader - INFO - Successfully loaded 20 FAQ entries.
2026-05-19 12:16:22,853 - src.preprocessor - INFO - TextPreprocessor initialized.
2026-05-19 12:16:22,853 - src.matching_engine - INFO - Fitting TF-IDF vectorizer on FAQ dataset...
2026-05-19 12:16:23,967 - src.matching_engine - INFO - Engine fitted successfully on 20 FAQ entries.
2026-05-19 12:51:36,379 - src.preprocessor - INFO - Downloading NLTK resource: 'wordnet'...
2026-05-19 12:51:38,024 - src.preprocessor - INFO - Downloading NLTK resource: 'omw-1.4'...
2026-05-19 12:51:38,492 - __main__ - INFO - Initializing FAQ Matching Engine (first load)...
2026-05-19 12:51:38,493 - src.data_loader - INFO - Loading FAQ data from: C:\Users\sushm\OneDrive\Desktop\internship\faq_chatbot\data\faq_dataset.csv
2026-05-19 12:51:38,531 - src.data_loader - INFO - Successfully loaded 20 FAQ entries.
2026-05-19 12:51:38,542 - src.preprocessor - INFO - TextPreprocessor initialized.
2026-05-19 12:51:38,542 - src.matching_engine - INFO - Fitting TF-IDF vectorizer on FAQ dataset...
2026-05-19 12:51:39,587 - src.matching_engine - INFO - Engine fitted successfully on 20 FAQ entries.
2026-05-19 12:55:14,368 - src.preprocessor - INFO - Downloading NLTK resource: 'wordnet'...
2026-05-19 12:55:16,881 - src.preprocessor - INFO - Downloading NLTK resource: 'omw-1.4'...
2026-05-19 12:55:17,299 - __main__ - INFO - Initializing FAQ Matching Engine (first load)...
2026-05-19 12:55:17,300 - src.data_loader - INFO - Loading FAQ data from: C:\Users\sushm\OneDrive\Desktop\internship\faq_chatbot\data\faq_dataset.csv
2026-05-19 12:55:17,311 - src.data_loader - INFO - Successfully loaded 20 FAQ entries.
2026-05-19 12:55:17,315 - src.preprocessor - INFO - TextPreprocessor initialized.
2026-05-19 12:55:17,316 - src.matching_engine - INFO - Fitting TF-IDF vectorizer on FAQ dataset...
2026-05-19 12:55:19,399 - src.matching_engine - INFO - Engine fitted successfully on 20 FAQ entries.
2026-05-19 12:55:25,433 - src.matching_engine - INFO - User query: 'What is your return policy?' | Processed: 'return policy'
2026-05-19 12:55:25,438 - src.matching_engine - INFO - Best match index: 0 | Confidence: 1.0000
2026-05-19 12:55:25,440 - __main__ - INFO - Responded to: 'What is your return policy?' | Conf: 1.0000
2026-05-19 13:07:46,839 - src.preprocessor - INFO - Downloading NLTK resource: 'wordnet'...
2026-05-19 13:07:48,053 - src.preprocessor - INFO - Downloading NLTK resource: 'omw-1.4'...
2026-05-19 13:07:48,325 - __main__ - INFO - Initializing FAQ Matching Engine (first load)...
2026-05-19 13:07:48,325 - src.data_loader - INFO - Loading FAQ data from: C:\Users\sushm\OneDrive\Desktop\internship\faq_chatbot\data\faq_dataset.csv
2026-05-19 13:07:48,355 - src.data_loader - INFO - Successfully loaded 20 FAQ entries.
2026-05-19 13:07:48,358 - src.preprocessor - INFO - TextPreprocessor initialized.
2026-05-19 13:07:48,359 - src.matching_engine - INFO - Fitting TF-IDF vectorizer on FAQ dataset...
2026-05-19 13:07:49,886 - src.matching_engine - INFO - Engine fitted successfully on 20 FAQ entries.
2026-05-19 13:10:34,243 - src.preprocessor - INFO - Downloading NLTK resource: 'wordnet'...
2026-05-19 13:10:34,803 - src.preprocessor - INFO - Downloading NLTK resource: 'omw-1.4'...
2026-05-19 13:10:35,290 - __main__ - INFO - Initializing FAQ Matching Engine (first load)...
2026-05-19 13:10:35,291 - src.data_loader - INFO - Loading FAQ data from: C:\Users\sushm\OneDrive\Desktop\internship\faq_chatbot\data\faq_dataset.csv
2026-05-19 13:10:35,335 - src.data_loader - INFO - Successfully loaded 20 FAQ entries.
2026-05-19 13:10:35,343 - src.preprocessor - INFO - TextPreprocessor initialized.
2026-05-19 13:10:35,344 - src.matching_engine - INFO - Fitting TF-IDF vectorizer on FAQ dataset...
2026-05-19 13:10:37,511 - src.matching_engine - INFO - Engine fitted successfully on 20 FAQ entries.
2026-05-19 13:10:42,581 - src.matching_engine - INFO - User query: 'What is your return policy?' | Processed: 'return policy'
2026-05-19 13:10:42,589 - src.matching_engine - INFO - Best match index: 0 | Confidence: 1.0000
2026-05-19 13:10:42,591 - __main__ - INFO - Responded to: 'What is your return policy?' | Conf: 1.0000
2026-05-19 13:11:24,818 - src.preprocessor - INFO - Typo corrected: 'is it best to use coolers in summers'' -> 'is it best to use cookers in summer''
2026-05-19 13:11:24,820 - src.matching_engine - INFO - User query: 'is it best to use coolers in summers'' | Processed: 'best use cooker summer'
2026-05-19 13:11:24,822 - src.matching_engine - INFO - Best match index: 0 | Confidence: 0.0000
2026-05-19 13:11:24,824 - src.matching_engine - WARNING - Low TF-IDF confidence (0.0000) for query: 'is it best to use coolers in summers''.
2026-05-19 13:11:24,847 - __main__ - INFO - Responded to: 'is it best to use coolers in summers'' | Conf: 0.0000
2026-05-19 13:48:32,437 - src.preprocessor - INFO - Downloading NLTK resource: 'wordnet'...
2026-05-19 13:48:33,066 - src.preprocessor - INFO - Downloading NLTK resource: 'omw-1.4'...
2026-05-19 13:48:33,351 - __main__ - INFO - Initializing FAQ Matching Engine (first load)...
2026-05-19 13:48:33,352 - src.data_loader - INFO - Loading FAQ data from: C:\Users\sushm\OneDrive\Desktop\internship\faq_chatbot\data\faq_dataset.csv
2026-05-19 13:48:33,358 - src.data_loader - INFO - Successfully loaded 20 FAQ entries.
2026-05-19 13:48:33,362 - src.preprocessor - INFO - TextPreprocessor initialized.
2026-05-19 13:48:33,362 - src.matching_engine - INFO - Fitting TF-IDF vectorizer on FAQ dataset...
2026-05-19 13:48:34,663 - src.matching_engine - INFO - Engine fitted successfully on 20 FAQ entries.
2026-05-19 13:58:10,497 - src.preprocessor - INFO - Downloading NLTK resource: 'wordnet'...
2026-05-19 13:58:10,915 - src.preprocessor - INFO - Downloading NLTK resource: 'omw-1.4'...
2026-05-19 13:58:11,160 - __main__ - INFO - Initializing FAQ Matching Engine (first load)...
2026-05-19 13:58:11,162 - src.data_loader - INFO - Loading FAQ data from: C:\Users\sushm\OneDrive\Desktop\internship\faq_chatbot\data\faq_dataset.csv
2026-05-19 13:58:11,171 - src.data_loader - INFO - Successfully loaded 20 FAQ entries.
2026-05-19 13:58:11,174 - src.preprocessor - INFO - TextPreprocessor initialized.
2026-05-19 13:58:11,174 - src.matching_engine - INFO - Fitting TF-IDF vectorizer on FAQ dataset...
2026-05-19 13:58:12,593 - src.matching_engine - INFO - Engine fitted successfully on 20 FAQ entries.
2026-05-19 14:00:02,084 - src.preprocessor - INFO - Downloading NLTK resource: 'wordnet'...
2026-05-19 14:00:02,537 - src.preprocessor - INFO - Downloading NLTK resource: 'omw-1.4'...
2026-05-19 14:00:02,781 - __main__ - INFO - Initializing FAQ Matching Engine (first load)...
2026-05-19 14:00:02,782 - src.data_loader - INFO - Loading FAQ data from: C:\Users\sushm\OneDrive\Desktop\internship\faq_chatbot\data\faq_dataset.csv
2026-05-19 14:00:02,787 - src.data_loader - INFO - Successfully loaded 20 FAQ entries.
2026-05-19 14:00:02,790 - src.preprocessor - INFO - TextPreprocessor initialized.
2026-05-19 14:00:02,791 - src.matching_engine - INFO - Fitting TF-IDF vectorizer on FAQ dataset...
2026-05-19 14:00:04,219 - src.matching_engine - INFO - Engine fitted successfully on 20 FAQ entries.
2026-05-19 14:00:40,006 - src.preprocessor - INFO - Downloading NLTK resource: 'wordnet'...
2026-05-19 14:00:40,678 - src.preprocessor - INFO - Downloading NLTK resource: 'omw-1.4'...
2026-05-19 14:00:41,233 - __main__ - INFO - Initializing FAQ Matching Engine (first load)...
2026-05-19 14:00:41,235 - src.data_loader - INFO - Loading FAQ data from: C:\Users\sushm\OneDrive\Desktop\internship\faq_chatbot\data\faq_dataset.csv
2026-05-19 14:00:41,248 - src.data_loader - INFO - Successfully loaded 20 FAQ entries.
2026-05-19 14:00:41,255 - src.preprocessor - INFO - TextPreprocessor initialized.
2026-05-19 14:00:41,256 - src.matching_engine - INFO - Fitting TF-IDF vectorizer on FAQ dataset...
2026-05-19 14:00:44,034 - src.matching_engine - INFO - Engine fitted successfully on 20 FAQ entries.
2026-05-19 14:00:56,712 - src.matching_engine - INFO - User query: 'How do I track my order?' | Processed: 'track order'
2026-05-19 14:00:56,717 - src.matching_engine - INFO - Best match index: 1 | Confidence: 1.0000
2026-05-19 14:00:56,719 - __main__ - INFO - Responded to: 'How do I track my order?' | Conf: 1.0000
2026-05-19 14:01:06,072 - src.matching_engine - INFO - User query: 'What payment methods do you accept?' | Processed: 'payment method accept'
2026-05-19 14:01:06,080 - src.matching_engine - INFO - Best match index: 2 | Confidence: 1.0000
2026-05-19 14:01:06,083 - __main__ - INFO - Responded to: 'What payment methods do you accept?' | Conf: 1.0000
2026-05-19 14:03:23,862 - src.preprocessor - INFO - Downloading NLTK resource: 'wordnet'...
2026-05-19 14:03:24,513 - src.preprocessor - INFO - Downloading NLTK resource: 'omw-1.4'...
2026-05-19 14:03:24,758 - __main__ - INFO - Initializing FAQ Matching Engine (first load)...
2026-05-19 14:03:24,759 - src.data_loader - INFO - Loading FAQ data from: C:\Users\sushm\OneDrive\Desktop\internship\faq_chatbot\data\faq_dataset.csv
2026-05-19 14:03:24,780 - src.data_loader - INFO - Successfully loaded 20 FAQ entries.
2026-05-19 14:03:24,786 - src.preprocessor - INFO - TextPreprocessor initialized.
2026-05-19 14:03:24,786 - src.matching_engine - INFO - Fitting TF-IDF vectorizer on FAQ dataset...
2026-05-19 14:03:26,221 - src.matching_engine - INFO - Engine fitted successfully on 20 FAQ entries.
2026-05-19 14:05:23,750 - src.preprocessor - INFO - Downloading NLTK resource: 'wordnet'...
2026-05-19 14:05:24,324 - src.preprocessor - INFO - Downloading NLTK resource: 'omw-1.4'...
2026-05-19 14:05:24,612 - __main__ - INFO - Initializing FAQ Matching Engine (first load)...
2026-05-19 14:05:24,614 - src.data_loader - INFO - Loading FAQ data from: C:\Users\sushm\OneDrive\Desktop\internship\faq_chatbot\data\faq_dataset.csv
2026-05-19 14:05:24,645 - src.data_loader - INFO - Successfully loaded 20 FAQ entries.
2026-05-19 14:05:24,648 - src.preprocessor - INFO - TextPreprocessor initialized.
2026-05-19 14:05:24,650 - src.matching_engine - INFO - Fitting TF-IDF vectorizer on FAQ dataset...
2026-05-19 14:05:26,152 - src.matching_engine - INFO - Engine fitted successfully on 20 FAQ entries.
2026-05-19 14:06:09,288 - src.preprocessor - INFO - Downloading NLTK resource: 'wordnet'...
2026-05-19 14:06:09,741 - src.preprocessor - INFO - Downloading NLTK resource: 'omw-1.4'...
2026-05-19 14:06:10,228 - __main__ - INFO - Initializing FAQ Matching Engine (first load)...
2026-05-19 14:06:10,229 - src.data_loader - INFO - Loading FAQ data from: C:\Users\sushm\OneDrive\Desktop\internship\faq_chatbot\data\faq_dataset.csv
2026-05-19 14:06:10,259 - src.data_loader - INFO - Successfully loaded 20 FAQ entries.
2026-05-19 14:06:10,265 - src.preprocessor - INFO - TextPreprocessor initialized.
2026-05-19 14:06:10,266 - src.matching_engine - INFO - Fitting TF-IDF vectorizer on FAQ dataset...
2026-05-19 14:06:12,952 - src.matching_engine - INFO - Engine fitted successfully on 20 FAQ entries.
2026-05-19 14:06:38,753 - src.preprocessor - INFO - Downloading NLTK resource: 'wordnet'...
2026-05-19 14:06:39,238 - src.preprocessor - INFO - Downloading NLTK resource: 'omw-1.4'...
2026-05-19 14:06:39,705 - __main__ - INFO - Initializing FAQ Matching Engine (first load)...
2026-05-19 14:06:39,706 - src.data_loader - INFO - Loading FAQ data from: C:\Users\sushm\OneDrive\Desktop\internship\faq_chatbot\data\faq_dataset.csv
2026-05-19 14:06:39,718 - src.data_loader - INFO - Successfully loaded 20 FAQ entries.
2026-05-19 14:06:39,726 - src.preprocessor - INFO - TextPreprocessor initialized.
2026-05-19 14:06:39,727 - src.matching_engine - INFO - Fitting TF-IDF vectorizer on FAQ dataset...
2026-05-19 14:06:42,248 - src.matching_engine - INFO - Engine fitted successfully on 20 FAQ entries.
2026-05-19 14:06:49,195 - src.matching_engine - INFO - User query: 'What payment methods do you accept?' | Processed: 'payment method accept'
2026-05-19 14:06:49,201 - src.matching_engine - INFO - Best match index: 2 | Confidence: 1.0000
2026-05-19 14:06:49,202 - __main__ - INFO - Responded to: 'What payment methods do you accept?' | Conf: 1.0000
2026-05-19 14:07:23,039 - src.preprocessor - INFO - Downloading NLTK resource: 'wordnet'...
2026-05-19 14:07:23,044 - src.preprocessor - INFO - Downloading NLTK resource: 'omw-1.4'...
2026-05-19 14:13:27,089 - src.preprocessor - INFO - Downloading NLTK resource: 'wordnet'...
2026-05-19 14:13:27,626 - src.preprocessor - INFO - Downloading NLTK resource: 'omw-1.4'...
2026-05-19 14:13:27,891 - __main__ - INFO - Initializing FAQ Matching Engine (first load)...
2026-05-19 14:13:27,891 - src.data_loader - INFO - Loading FAQ data from: C:\Users\sushm\OneDrive\Desktop\internship\faq_chatbot\data\faq_dataset.csv
2026-05-19 14:13:27,896 - src.data_loader - INFO - Successfully loaded 20 FAQ entries.
2026-05-19 14:13:27,900 - src.preprocessor - INFO - TextPreprocessor initialized.
2026-05-19 14:13:27,900 - src.matching_engine - INFO - Fitting TF-IDF vectorizer on FAQ dataset...
2026-05-19 14:13:29,280 - src.matching_engine - INFO - Engine fitted successfully on 20 FAQ entries.
2026-05-19 14:13:58,673 - src.preprocessor - INFO - Downloading NLTK resource: 'wordnet'...
2026-05-19 14:13:59,651 - src.preprocessor - INFO - Downloading NLTK resource: 'omw-1.4'...
2026-05-19 14:14:00,398 - __main__ - INFO - Initializing FAQ Matching Engine (first load)...
2026-05-19 14:14:00,401 - src.data_loader - INFO - Loading FAQ data from: C:\Users\sushm\OneDrive\Desktop\internship\faq_chatbot\data\faq_dataset.csv
2026-05-19 14:14:00,412 - src.data_loader - INFO - Successfully loaded 20 FAQ entries.
2026-05-19 14:14:00,417 - src.preprocessor - INFO - TextPreprocessor initialized.
2026-05-19 14:14:00,419 - src.matching_engine - INFO - Fitting TF-IDF vectorizer on FAQ dataset...
2026-05-19 14:14:03,552 - src.matching_engine - INFO - Engine fitted successfully on 20 FAQ entries.
2026-05-19 14:14:09,321 - src.matching_engine - INFO - User query: 'What is your return policy?' | Processed: 'return policy'
2026-05-19 14:14:09,326 - src.matching_engine - INFO - Best match index: 0 | Confidence: 1.0000
2026-05-19 14:14:09,329 - __main__ - INFO - Responded to: 'What is your return policy?' | Conf: 1.0000
2026-05-19 14:18:12,288 - src.preprocessor - INFO - Downloading NLTK resource: 'wordnet'...
2026-05-19 14:18:13,201 - src.preprocessor - INFO - Downloading NLTK resource: 'omw-1.4'...
2026-05-19 14:18:13,458 - __main__ - INFO - Initializing FAQ Matching Engine (first load)...
2026-05-19 14:18:13,458 - src.data_loader - INFO - Loading FAQ data from: C:\Users\sushm\OneDrive\Desktop\internship\faq_chatbot\data\faq_dataset.csv
2026-05-19 14:18:13,484 - src.data_loader - INFO - Successfully loaded 20 FAQ entries.
2026-05-19 14:18:13,489 - src.preprocessor - INFO - TextPreprocessor initialized.
2026-05-19 14:18:13,489 - src.matching_engine - INFO - Fitting TF-IDF vectorizer on FAQ dataset...
2026-05-19 14:18:15,088 - src.matching_engine - INFO - Engine fitted successfully on 20 FAQ entries.
